// Jest Snapshot v1, https://goo.gl/fbAQLP

exports[`<Organization /> should render the organization page 1`] = `
.c7 {
  display: -webkit-box;
  display: -webkit-flex;
  display: -ms-flexbox;
  display: flex;
  -webkit-box-pack: center;
  -webkit-justify-content: center;
  -ms-flex-pack: center;
  justify-content: center;
  -webkit-align-items: center;
  -webkit-box-align: center;
  -ms-flex-align: center;
  align-items: center;
  border: 0;
  border-radius: 1rem;
  padding: 1rem 1.5rem;
  cursor: pointer;
}

.c0 {
  max-width: 120rem;
  margin: 0 auto;
  background-color: #eff1fa;
  padding: 2rem;
  border-radius: 1rem;
}

.c1 {
  margin: 2rem auto;
  width: 100%;
}

.c2 {
  height: 100%;
  display: -webkit-box;
  display: -webkit-flex;
  display: -ms-flexbox;
  display: flex;
  -webkit-flex-direction: column;
  -ms-flex-direction: column;
  flex-direction: column;
}

.c3 {
  display: -webkit-box;
  display: -webkit-flex;
  display: -ms-flexbox;
  display: flex;
  -webkit-flex-direction: column;
  -ms-flex-direction: column;
  flex-direction: column;
  -webkit-flex: 1 1;
  -ms-flex: 1 1;
  flex: 1 1;
}

.c4 {
  padding: 2rem;
  background-color: #fff;
  border-radius: 1rem;
  -webkit-flex: 1 1;
  -ms-flex: 1 1;
  flex: 1 1;
  display: -webkit-box;
  display: -webkit-flex;
  display: -ms-flexbox;
  display: flex;
  -webkit-flex-direction: column;
  -ms-flex-direction: column;
  flex-direction: column;
  row-gap: 2rem;
}

.c4 > h2 {
  font-size: 1.6rem;
}

.c4 .c6 {
  background-color: #dadae5;
  color: #8383a6;
  width: 10rem;
  height: 4rem;
  margin: 0 auto;
}

.c4 .c6:hover,
.c4 .c6:disabled {
  opacity: 0.8;
}

.c5 {
  display: grid;
  grid-template-columns: repeat(auto-fit,minmax(35rem,1fr));
  gap: 2rem;
}

@media screen and (max-width:768px) {
  .c0 {
    max-width: 100%;
  }
}

@media screen and (max-width:768px) {
  .c1 {
    margin: 2rem;
  }
}

@media screen and (max-width:768px) {
  .c5 {
    grid-template-columns: 1fr;
    grid-template-columns: repeat(auto-fit,minmax(25rem,1fr));
  }
}

<div
  class="c0 c1"
>
  <main
    class="c2"
  >
    <div
      data-testid="Mock SearchBar"
    />
    <section
      class="c3"
    >
      <div
        data-testid="Mock BioCard"
      />
      <div
        class="c4"
      >
        <h2>
          Repositories (
          13
          )
        </h2>
        <div
          class="c5"
          data-cy="grid"
        >
          <div
            data-testid="Mock RepoCard"
          />
          <div
            data-testid="Mock RepoCard"
          />
          <div
            data-testid="Mock RepoCard"
          />
          <div
            data-testid="Mock RepoCard"
          />
          <div
            data-testid="Mock RepoCard"
          />
          <div
            data-testid="Mock RepoCard"
          />
          <div
            data-testid="Mock RepoCard"
          />
          <div
            data-testid="Mock RepoCard"
          />
          <div
            data-testid="Mock RepoCard"
          />
          <div
            data-testid="Mock RepoCard"
          />
          <div
            data-testid="Mock RepoCard"
          />
          <div
            data-testid="Mock RepoCard"
          />
          <div
            data-testid="Mock RepoCard"
          />
        </div>
        <button
          class="c6 c7"
        >
          Load more
        </button>
      </div>
    </section>
  </main>
</div>
`
